hello, this is an international file
hello hello and hello
if you want to say hello, you can say hello